// Jest Snapshot v1, https://goo.gl/fbAQLP

exports[`--env dev : should generate dev manifest 1`] = `
"---
apiVersion: v1
kind: Namespace
metadata:
  annotations:
    field.cattle.io/creatorId: gitlab
    field.cattle.io/projectId: c-bd7z2:p-7ms8p
    git/branch: e2e-branch
    git/remote: git@github.com:SocialGouv/sample-next-app.git
    app.gitlab.com/app: socialgouv-sample-next-app
    app.gitlab.com/env: e2e-branch-42
    app.gitlab.com/env.name: e2e-branch-dev2
  labels:
    azure-pg-admin-user: sample-next-app
    application: e2e-branch-42-sample-next-app
    owner: sample-next-app
    team: sample-next-app
    cert: wildcard
  name: sample-next-app-24-e2e-branch-42
---
apiVersion: apps/v1
kind: Deployment
metadata:
  annotations:
    kapp.k14s.io/disable-default-ownership-label-rules: ''
    kapp.k14s.io/disable-default-label-scoping-rules: ''
    app.gitlab.com/app: socialgouv-sample-next-app
    app.gitlab.com/env: e2e-branch-42
    app.gitlab.com/env.name: e2e-branch-dev2
  labels:
    app: hasura
    application: e2e-branch-42-sample-next-app
    owner: sample-next-app
    team: sample-next-app
    cert: wildcard
  name: hasura
  namespace: sample-next-app-24-e2e-branch-42
spec:
  replicas: 1
  selector:
    matchLabels:
      app: hasura
  template:
    metadata:
      annotations:
        kapp.k14s.io/disable-default-ownership-label-rules: ''
        kapp.k14s.io/disable-default-label-scoping-rules: ''
        app.gitlab.com/app: socialgouv-sample-next-app
        app.gitlab.com/env: e2e-branch-42
        app.gitlab.com/env.name: e2e-branch-dev2
      labels:
        app: hasura
        application: e2e-branch-42-sample-next-app
        owner: sample-next-app
        team: sample-next-app
        cert: wildcard
    spec:
      containers:
        - image: >-
            registry.gitlab.factory.social.gouv.fr/socialgouv/sample-next-app/hasura:8843083edb7f873cad1d1420731a60773594ffae
          livenessProbe:
            failureThreshold: 6
            httpGet:
              path: /healthz
              port: http
            initialDelaySeconds: 30
            periodSeconds: 5
            timeoutSeconds: 5
          name: hasura
          ports:
            - containerPort: 80
              name: http
          readinessProbe:
            failureThreshold: 15
            httpGet:
              path: /healthz
              port: http
            initialDelaySeconds: 0
            periodSeconds: 5
            successThreshold: 1
            timeoutSeconds: 1
          resources:
            limits:
              cpu: 500m
              memory: 512Mi
            requests:
              cpu: 100m
              memory: 64Mi
          startupProbe:
            failureThreshold: 12
            httpGet:
              path: /healthz
              port: http
            periodSeconds: 5
          envFrom:
            - secretRef:
                name: azure-pg-user-8843083
            - configMapRef:
                name: hasura-configmap
      initContainers:
        - env:
            - name: WAIT_FOR_RETRIES
              value: '24'
          envFrom:
            - secretRef:
                name: azure-pg-user-8843083
          image: >-
            registry.gitlab.factory.social.gouv.fr/socialgouv/docker/wait-for-postgres:4.3.1
          imagePullPolicy: Always
          name: wait-for-postgres
          resources:
            limits:
              cpu: 20m
              memory: 32Mi
            requests:
              cpu: 5m
              memory: 16Mi
---
apiVersion: v1
kind: ConfigMap
metadata:
  name: hasura-configmap
  annotations:
    kapp.k14s.io/disable-default-ownership-label-rules: ''
    kapp.k14s.io/disable-default-label-scoping-rules: ''
    app.gitlab.com/app: socialgouv-sample-next-app
    app.gitlab.com/env: e2e-branch-42
    app.gitlab.com/env.name: e2e-branch-dev2
  labels:
    application: e2e-branch-42-sample-next-app
    owner: sample-next-app
    team: sample-next-app
    cert: wildcard
  namespace: sample-next-app-24-e2e-branch-42
data:
  HASURA_GRAPHQL_ENABLE_CONSOLE: 'false'
  HASURA_GRAPHQL_ENABLED_LOG_TYPES: startup, http-log, webhook-log, websocket-log, query-log
  HASURA_GRAPHQL_LOG_LEVEL: debug
  HASURA_GRAPHQL_NO_OF_RETRIES: '5'
  HASURA_GRAPHQL_SERVER_PORT: '80'
  HASURA_GRAPHQL_UNAUTHORIZED_ROLE: anonymous
---
apiVersion: v1
kind: Service
metadata:
  labels:
    app: hasura
    application: e2e-branch-42-sample-next-app
    owner: sample-next-app
    team: sample-next-app
    cert: wildcard
  name: hasura
  annotations:
    kapp.k14s.io/disable-default-ownership-label-rules: ''
    kapp.k14s.io/disable-default-label-scoping-rules: ''
    app.gitlab.com/app: socialgouv-sample-next-app
    app.gitlab.com/env: e2e-branch-42
    app.gitlab.com/env.name: e2e-branch-dev2
  namespace: sample-next-app-24-e2e-branch-42
spec:
  ports:
    - name: http
      port: 80
      targetPort: 80
  selector:
    app: hasura
  type: ClusterIP
---
apiVersion: batch/v1
kind: Job
spec:
  backoffLimit: 0
  template:
    spec:
      containers:
        - command:
            - create-db-user
          env:
            - name: NEW_DB_NAME
              value: autodevops_8843083
            - name: NEW_USER
              value: user_8843083
            - name: NEW_PASSWORD
              value: password_8843083
            - name: NEW_DB_EXTENSIONS
              value: hstore pgcrypto citext uuid-ossp
          envFrom:
            - secretRef:
                name: azure-pg-admin-user
          image: >-
            registry.gitlab.factory.social.gouv.fr/socialgouv/docker/azure-db:2.6.1
          imagePullPolicy: IfNotPresent
          name: create-db-user
          resources:
            limits:
              cpu: 300m
              memory: 256Mi
            requests:
              cpu: 100m
              memory: 64Mi
      restartPolicy: Never
    metadata:
      annotations:
        app.gitlab.com/app: socialgouv-sample-next-app
        app.gitlab.com/env: e2e-branch-42
        app.gitlab.com/env.name: e2e-branch-dev2
      labels:
        application: e2e-branch-42-sample-next-app
        owner: sample-next-app
        team: sample-next-app
        cert: wildcard
  ttlSecondsAfterFinished: 86400
metadata:
  annotations:
    app.gitlab.com/app: socialgouv-sample-next-app
    app.gitlab.com/env: e2e-branch-42
    app.gitlab.com/env.name: e2e-branch-dev2
  labels:
    application: e2e-branch-42-sample-next-app
    owner: sample-next-app
    team: sample-next-app
    cert: wildcard
  name: create-db-job-8843083
  namespace: sample-next-app-24-e2e-branch-42
---
apiVersion: v1
kind: Secret
stringData:
  DATABASE_URL: >-
    postgresql://user_8843083%40samplenextappdevserver.postgres.database.azure.com:password_8843083@samplenextappdevserver.postgres.database.azure.com/autodevops_8843083?sslmode=require
  DB_URI: >-
    postgresql://user_8843083%40samplenextappdevserver.postgres.database.azure.com:password_8843083@samplenextappdevserver.postgres.database.azure.com/autodevops_8843083?sslmode=require
  HASURA_GRAPHQL_DATABASE_URL: >-
    postgresql://user_8843083%40samplenextappdevserver.postgres.database.azure.com:password_8843083@samplenextappdevserver.postgres.database.azure.com/autodevops_8843083?sslmode=require
  PGDATABASE: autodevops_8843083
  PGHOST: samplenextappdevserver.postgres.database.azure.com
  PGPASSWORD: password_8843083
  PGRST_DB_URI: >-
    postgresql://user_8843083%40samplenextappdevserver.postgres.database.azure.com:password_8843083@samplenextappdevserver.postgres.database.azure.com/autodevops_8843083?sslmode=require
  PGSSLMODE: require
  PGUSER: user_8843083@samplenextappdevserver.postgres.database.azure.com
metadata:
  annotations:
    app.gitlab.com/app: socialgouv-sample-next-app
    app.gitlab.com/env: e2e-branch-42
    app.gitlab.com/env.name: e2e-branch-dev2
  labels:
    application: e2e-branch-42-sample-next-app
    owner: sample-next-app
    team: sample-next-app
    cert: wildcard
  name: azure-pg-user-8843083
  namespace: sample-next-app-24-e2e-branch-42
---
apiVersion: apps/v1
kind: Deployment
metadata:
  annotations:
    kapp.k14s.io/disable-default-ownership-label-rules: ''
    kapp.k14s.io/disable-default-label-scoping-rules: ''
    app.gitlab.com/app: socialgouv-sample-next-app
    app.gitlab.com/env: e2e-branch-42
    app.gitlab.com/env.name: e2e-branch-dev2
  labels:
    app: www
    application: e2e-branch-42-sample-next-app
    owner: sample-next-app
    team: sample-next-app
    cert: wildcard
    component: next
  name: www
  namespace: sample-next-app-24-e2e-branch-42
spec:
  replicas: 1
  selector:
    matchLabels:
      app: www
  template:
    metadata:
      annotations:
        kapp.k14s.io/disable-default-ownership-label-rules: ''
        kapp.k14s.io/disable-default-label-scoping-rules: ''
        app.gitlab.com/app: socialgouv-sample-next-app
        app.gitlab.com/env: e2e-branch-42
        app.gitlab.com/env.name: e2e-branch-dev2
      labels:
        app: www
        application: e2e-branch-42-sample-next-app
        owner: sample-next-app
        team: sample-next-app
        cert: wildcard
        component: next
    spec:
      containers:
        - image: >-
            registry.gitlab.factory.social.gouv.fr/socialgouv/sample-next-app/www:8843083edb7f873cad1d1420731a60773594ffae
          livenessProbe:
            failureThreshold: 6
            httpGet:
              path: /healthz
              port: http
            initialDelaySeconds: 30
            periodSeconds: 5
            timeoutSeconds: 5
          name: www
          ports:
            - containerPort: 8080
              name: http
          readinessProbe:
            failureThreshold: 15
            httpGet:
              path: /healthz
              port: http
            initialDelaySeconds: 0
            periodSeconds: 5
            successThreshold: 1
            timeoutSeconds: 1
          resources:
            limits:
              cpu: 50m
              memory: 128Mi
            requests:
              cpu: 1m
              memory: 64Mi
          startupProbe:
            failureThreshold: 12
            httpGet:
              path: /healthz
              port: http
            periodSeconds: 5
          envFrom:
            - secretRef:
                name: azure-pg-user-8843083
            - configMapRef:
                name: app-configmap
      initContainers:
        - env:
            - name: WAIT_FOR_RETRIES
              value: '24'
          envFrom:
            - secretRef:
                name: azure-pg-user-8843083
          image: >-
            registry.gitlab.factory.social.gouv.fr/socialgouv/docker/wait-for-postgres:4.3.1
          imagePullPolicy: Always
          name: wait-for-postgres
          resources:
            limits:
              cpu: 20m
              memory: 32Mi
            requests:
              cpu: 5m
              memory: 16Mi
---
apiVersion: v1
kind: ConfigMap
metadata:
  name: app-configmap
  annotations:
    kapp.k14s.io/disable-default-ownership-label-rules: ''
    kapp.k14s.io/disable-default-label-scoping-rules: ''
    app.gitlab.com/app: socialgouv-sample-next-app
    app.gitlab.com/env: e2e-branch-42
    app.gitlab.com/env.name: e2e-branch-dev2
  labels:
    application: e2e-branch-42-sample-next-app
    owner: sample-next-app
    team: sample-next-app
    cert: wildcard
  namespace: sample-next-app-24-e2e-branch-42
data:
  HASURA_URL: http://hasura/v1/graphql
  NODE_ENV: production
---
apiVersion: v1
kind: Service
metadata:
  labels:
    app: www
    application: e2e-branch-42-sample-next-app
    owner: sample-next-app
    team: sample-next-app
    cert: wildcard
  name: www
  annotations:
    kapp.k14s.io/disable-default-ownership-label-rules: ''
    kapp.k14s.io/disable-default-label-scoping-rules: ''
    app.gitlab.com/app: socialgouv-sample-next-app
    app.gitlab.com/env: e2e-branch-42
    app.gitlab.com/env.name: e2e-branch-dev2
  namespace: sample-next-app-24-e2e-branch-42
spec:
  ports:
    - name: http
      port: 80
      targetPort: 8080
  selector:
    app: www
  type: ClusterIP
---
apiVersion: extensions/v1beta1
kind: Ingress
metadata:
  annotations:
    kubernetes.io/ingress.class: nginx
    kapp.k14s.io/disable-default-ownership-label-rules: ''
    kapp.k14s.io/disable-default-label-scoping-rules: ''
    app.gitlab.com/app: socialgouv-sample-next-app
    app.gitlab.com/env: e2e-branch-42
    app.gitlab.com/env.name: e2e-branch-dev2
  labels:
    app: www
    application: e2e-branch-42-sample-next-app
    owner: sample-next-app
    team: sample-next-app
    cert: wildcard
  name: www
  namespace: sample-next-app-24-e2e-branch-42
spec:
  rules:
    - host: e2e-branch-42-sample-next-app.dev2.fabrique.social.gouv.fr
      http:
        paths:
          - backend:
              serviceName: www
              servicePort: 80
            path: /
  tls:
    - hosts:
        - e2e-branch-42-sample-next-app.dev2.fabrique.social.gouv.fr
      secretName: wildcard-crt"
`;
