// Jest Snapshot v1, https://goo.gl/fbAQLP

exports[`--env prod : should generate prod manifest 1`] = `
"---
metadata:
  labels:
    app: www
    application: sample-next-app
    owner: sample-next-app
    team: sample-next-app
    component: next
  name: www
  namespace: sample-next-app
spec:
  replicas: 1
  selector:
    matchLabels:
      app: www
  template:
    metadata:
      labels:
        app: www
        application: sample-next-app
        owner: sample-next-app
        team: sample-next-app
        component: next
    spec:
      containers:
        - image: >-
            registry.gitlab.factory.social.gouv.fr/socialgouv/sample-next-app:1.2.3
          name: www
          ports:
            - containerPort: 8080
          resources:
            limits:
              cpu: 50m
              memory: 32Mi
            requests:
              cpu: 5m
              memory: 16Mi
apiVersion: apps/v1
kind: Deployment
---
metadata:
  labels:
    app: www
    application: sample-next-app
    owner: sample-next-app
    team: sample-next-app
    component: next
  name: www
  namespace: sample-next-app
  annotations:
    appgw.ingress.kubernetes.io/ssl-redirect: 'true'
    certmanager.k8s.io/cluster-issuer: letsencrypt-prod
    kubernetes.io/ingress.class: azure/application-gateway
    kubernetes.io/tls-acme: 'true'
spec:
  rules:
    - host: prod-sample-next-app.dev.fabrique.social.gouv.fr
      http:
        paths:
          - backend:
              serviceName: www
              servicePort: 80
            path: /
  tls:
    - hosts:
        - prod-sample-next-app.dev.fabrique.social.gouv.fr
      secretName: www-crt
apiVersion: extensions/v1beta1
kind: Ingress
---
metadata:
  labels:
    app: www
    application: sample-next-app
    owner: sample-next-app
    team: sample-next-app
    component: next
  name: www
  namespace: sample-next-app
spec:
  ports:
    - port: 80
      targetPort: 8080
  selector:
    app: www
  type: ClusterIP
apiVersion: v1
kind: Service"
`;
