// Jest Snapshot v1, https://goo.gl/fbAQLP

exports[`should assert FOO variable in env 1`] = `
Object {
  "apiVersion": "apps/v1",
  "kind": "Deployment",
  "metadata": Object {
    "name": "test1",
  },
  "spec": Object {
    "selector": Object {},
    "template": Object {
      "spec": Object {
        "containers": Array [
          Object {
            "env": Array [
              Object {
                "name": "HELLO",
                "value": "world",
              },
            ],
            "name": "container1",
          },
        ],
      },
    },
  },
}
`;
