// Jest Snapshot v1, https://goo.gl/fbAQLP

exports[`should add a generated Postgres user secret to a deployment 1`] = `
Object {
  "apiVersion": "apps/v1",
  "kind": "Deployment",
  "spec": Object {
    "selector": Object {
      "matchLabels": Object {
        "component": "app",
      },
    },
    "template": Object {
      "spec": Object {
        "containers": Array [
          Object {
            "envFrom": Array [
              Object {
                "secretRef": Object {
                  "name": "azure-pg-user-my-test-branch",
                },
              },
            ],
            "image": "test:42",
            "name": "some-container",
          },
        ],
      },
    },
  },
}
`;

exports[`should add pg-user to a deployment in preproduction 1`] = `
Object {
  "apiVersion": "apps/v1",
  "kind": "Deployment",
  "spec": Object {
    "selector": Object {
      "matchLabels": Object {
        "component": "app",
      },
    },
    "template": Object {
      "spec": Object {
        "containers": Array [
          Object {
            "envFrom": Array [
              Object {
                "secretRef": Object {
                  "name": "azure-pg-user-my-test-branch",
                },
              },
            ],
            "image": "test:42",
            "name": "some-container",
          },
        ],
      },
    },
  },
}
`;

exports[`should add pg-user to a deployment in production 1`] = `
Object {
  "apiVersion": "apps/v1",
  "kind": "Deployment",
  "spec": Object {
    "selector": Object {
      "matchLabels": Object {
        "component": "app",
      },
    },
    "template": Object {
      "spec": Object {
        "containers": Array [
          Object {
            "envFrom": Array [
              Object {
                "secretRef": Object {
                  "name": "azure-pg-user-my-test-branch",
                },
              },
            ],
            "image": "test:42",
            "name": "some-container",
          },
        ],
      },
    },
  },
}
`;
