// Jest Snapshot v1, https://goo.gl/fbAQLP

exports[`kosko generate --dev 1`] = `
"---
apiVersion: v1
kind: Namespace
metadata:
  annotations:
    field.cattle.io/creatorId: gitlab
    field.cattle.io/projectId: c-bd7z2:p-7ms8p
    git/branch: master
    git/remote: >-
      https://gitlab-ci-token:[MASKED]@gitlab.factory.social.gouv.fr/SocialGouv/sample-nxt-app.git
    app.gitlab.com/app: socialgouv-sample-nxt-app
    app.gitlab.com/env: master-dev2
    app.gitlab.com/env.name: master-dev2
  labels:
    azure-pg-admin-user: sample-nxt-app
    application: master-dev2-sample-nxt-app
    owner: sample-nxt-app
    team: sample-nxt-app
    cert: wildcard
  name: sample-nxt-app-85-master-dev2
---
apiVersion: v1
kind: FooManifest
---
apiVersion: apps/v1
kind: Deployment
metadata:
  annotations:
    kapp.k14s.io/disable-default-ownership-label-rules: ''
    kapp.k14s.io/disable-default-label-scoping-rules: ''
    app.gitlab.com/app: socialgouv-sample-nxt-app
    app.gitlab.com/env: master-dev2
    app.gitlab.com/env.name: master-dev2
  labels:
    app: www
    application: master-dev2-sample-nxt-app
    owner: sample-nxt-app
    team: sample-nxt-app
    cert: wildcard
    component: nginx
  name: www
  namespace: sample-nxt-app-85-master-dev2
spec:
  replicas: 1
  selector:
    matchLabels:
      app: www
  template:
    metadata:
      annotations:
        kapp.k14s.io/disable-default-ownership-label-rules: ''
        kapp.k14s.io/disable-default-label-scoping-rules: ''
        app.gitlab.com/app: socialgouv-sample-nxt-app
        app.gitlab.com/env: master-dev2
        app.gitlab.com/env.name: master-dev2
      labels:
        app: www
        application: master-dev2-sample-nxt-app
        owner: sample-nxt-app
        team: sample-nxt-app
        cert: wildcard
        component: nginx
    spec:
      containers:
        - image: nginx:latest
          livenessProbe:
            failureThreshold: 6
            httpGet:
              path: /index.html
              port: http
            initialDelaySeconds: 30
            periodSeconds: 5
            timeoutSeconds: 5
          name: www
          ports:
            - containerPort: 80
              name: http
          readinessProbe:
            failureThreshold: 15
            httpGet:
              path: /index.html
              port: http
            initialDelaySeconds: 0
            periodSeconds: 5
            successThreshold: 1
            timeoutSeconds: 1
          resources:
            limits:
              cpu: 500m
              memory: 128Mi
            requests:
              cpu: 5m
              memory: 32Mi
          startupProbe:
            failureThreshold: 12
            httpGet:
              path: /index.html
              port: http
            periodSeconds: 5
---
apiVersion: v1
kind: Service
metadata:
  labels:
    app: www
    application: master-dev2-sample-nxt-app
    owner: sample-nxt-app
    team: sample-nxt-app
    cert: wildcard
  name: www
  annotations:
    kapp.k14s.io/disable-default-ownership-label-rules: ''
    kapp.k14s.io/disable-default-label-scoping-rules: ''
    app.gitlab.com/app: socialgouv-sample-nxt-app
    app.gitlab.com/env: master-dev2
    app.gitlab.com/env.name: master-dev2
  namespace: sample-nxt-app-85-master-dev2
spec:
  ports:
    - name: http
      port: 80
      targetPort: 80
  selector:
    app: www
  type: ClusterIP
---
apiVersion: extensions/v1beta1
kind: Ingress
metadata:
  annotations:
    kubernetes.io/ingress.class: nginx
    kapp.k14s.io/disable-default-ownership-label-rules: ''
    kapp.k14s.io/disable-default-label-scoping-rules: ''
    app.gitlab.com/app: socialgouv-sample-nxt-app
    app.gitlab.com/env: master-dev2
    app.gitlab.com/env.name: master-dev2
  labels:
    app: www
    application: master-dev2-sample-nxt-app
    owner: sample-nxt-app
    team: sample-nxt-app
    cert: wildcard
  name: www
  namespace: sample-nxt-app-85-master-dev2
spec:
  rules:
    - host: master-dev2-sample-nxt-app.dev2.fabrique.social.gouv.fr
      http:
        paths:
          - backend:
              serviceName: www
              servicePort: 80
            path: /
  tls:
    - hosts:
        - master-dev2-sample-nxt-app.dev2.fabrique.social.gouv.fr
      secretName: wildcard-crt
"
`;
