// Jest Snapshot v1, https://goo.gl/fbAQLP

exports[`github : --env dev : should generate dev manifest 1`] = `
"---
apiVersion: v1
kind: Namespace
metadata:
  annotations:
    field.cattle.io/creatorId: gitlab
    field.cattle.io/projectId: c-bd7z2:p-7ms8p
    git/branch: refs/heads/e2e-branch
    git/remote: socialgouv/sample-next-app
    app.github.com/job: xxxxxxx-job
    app.github.com/ref: refs/heads/e2e-branch
    app.github.com/repo: socialgouv/sample-next-app
    app.github.com/run: '12345'
    app.github.com/sha: '8843083'
  labels:
    azure-pg-admin-user: sample-next-app
    application: sample-next-app
    owner: sample-next-app
    team: sample-next-app
    cert: wildcard
  name: sample-next-app-e2e-branch
---
apiVersion: apps/v1
kind: Deployment
metadata:
  annotations:
    kapp.k14s.io/disable-default-ownership-label-rules: ''
    kapp.k14s.io/disable-default-label-scoping-rules: ''
    app.github.com/job: xxxxxxx-job
    app.github.com/ref: refs/heads/e2e-branch
    app.github.com/repo: socialgouv/sample-next-app
    app.github.com/run: '12345'
    app.github.com/sha: '8843083'
  labels:
    app: redis
    application: sample-next-app
    owner: sample-next-app
    team: sample-next-app
    cert: wildcard
    component: redis
  name: redis
  namespace: sample-next-app-e2e-branch
spec:
  replicas: 1
  selector:
    matchLabels:
      app: redis
  template:
    metadata:
      annotations:
        kapp.k14s.io/disable-default-ownership-label-rules: ''
        kapp.k14s.io/disable-default-label-scoping-rules: ''
        app.github.com/job: xxxxxxx-job
        app.github.com/ref: refs/heads/e2e-branch
        app.github.com/repo: socialgouv/sample-next-app
        app.github.com/run: '12345'
        app.github.com/sha: '8843083'
      labels:
        app: redis
        application: sample-next-app
        owner: sample-next-app
        team: sample-next-app
        cert: wildcard
        component: redis
    spec:
      containers:
        - image: redis:6.2.4-alpine3.13
          livenessProbe:
            failureThreshold: 6
            initialDelaySeconds: 30
            periodSeconds: 5
            timeoutSeconds: 5
            exec:
              command:
                - sh
                - '-c'
                - redis-cli ping
          name: redis
          ports:
            - containerPort: 6379
              name: http
          readinessProbe:
            failureThreshold: 15
            initialDelaySeconds: 0
            periodSeconds: 5
            successThreshold: 1
            timeoutSeconds: 1
            exec:
              command:
                - sh
                - '-c'
                - redis-cli ping
          resources:
            limits:
              cpu: 500m
              memory: 128Mi
            requests:
              cpu: 5m
              memory: 16Mi
          startupProbe:
            failureThreshold: 12
            periodSeconds: 5
            exec:
              command:
                - sh
                - '-c'
                - redis-cli ping
---
apiVersion: v1
kind: Service
metadata:
  labels:
    app: redis
    application: sample-next-app
    owner: sample-next-app
    team: sample-next-app
    cert: wildcard
  name: redis
  annotations:
    kapp.k14s.io/disable-default-ownership-label-rules: ''
    kapp.k14s.io/disable-default-label-scoping-rules: ''
    app.github.com/job: xxxxxxx-job
    app.github.com/ref: refs/heads/e2e-branch
    app.github.com/repo: socialgouv/sample-next-app
    app.github.com/run: '12345'
    app.github.com/sha: '8843083'
  namespace: sample-next-app-e2e-branch
spec:
  ports:
    - name: http
      port: 80
      targetPort: 6379
  selector:
    app: redis
  type: ClusterIP"
`;
