// Jest Snapshot v1, https://goo.gl/fbAQLP

exports[`--env prod : should generate prod manifest 1`] = `
"---
apiVersion: apps/v1
kind: Deployment
metadata:
  annotations:
    kapp.k14s.io/disable-default-ownership-label-rules: ''
    kapp.k14s.io/disable-default-label-scoping-rules: ''
    app.gitlab.com/app: socialgouv-sample-kosko
    app.gitlab.com/env: prod2
    app.gitlab.com/env.name: prod2
  labels:
    app: redis
    application: sample-kosko
    component: redis
    owner: sample-kosko
    team: sample-kosko
  name: redis
  namespace: sample-kosko
spec:
  replicas: 1
  selector:
    matchLabels:
      app: redis
  template:
    metadata:
      annotations:
        kapp.k14s.io/disable-default-ownership-label-rules: ''
        kapp.k14s.io/disable-default-label-scoping-rules: ''
        app.gitlab.com/app: socialgouv-sample-kosko
        app.gitlab.com/env: prod2
        app.gitlab.com/env.name: prod2
      labels:
        app: redis
        application: sample-kosko
        component: redis
        owner: sample-kosko
        team: sample-kosko
    spec:
      containers:
        - image: redis:6.2.5-alpine3.14
          livenessProbe:
            failureThreshold: 6
            initialDelaySeconds: 30
            periodSeconds: 5
            timeoutSeconds: 5
            exec:
              command:
                - sh
                - '-c'
                - redis-cli ping
          name: redis
          ports:
            - containerPort: 6379
              name: http
          readinessProbe:
            failureThreshold: 15
            initialDelaySeconds: 0
            periodSeconds: 5
            successThreshold: 1
            timeoutSeconds: 1
            exec:
              command:
                - sh
                - '-c'
                - redis-cli ping
          resources:
            limits:
              cpu: 500m
              memory: 128Mi
            requests:
              cpu: 5m
              memory: 16Mi
          startupProbe:
            failureThreshold: 12
            periodSeconds: 5
            exec:
              command:
                - sh
                - '-c'
                - redis-cli ping
---
apiVersion: v1
kind: Service
metadata:
  labels:
    app: redis
    application: sample-kosko
    component: redis
    owner: sample-kosko
    team: sample-kosko
  name: redis
  annotations:
    kapp.k14s.io/disable-default-ownership-label-rules: ''
    kapp.k14s.io/disable-default-label-scoping-rules: ''
    app.gitlab.com/app: socialgouv-sample-kosko
    app.gitlab.com/env: prod2
    app.gitlab.com/env.name: prod2
  namespace: sample-kosko
spec:
  ports:
    - name: http
      port: 80
      targetPort: 6379
  selector:
    app: redis
  type: ClusterIP"
`;
