// Jest Snapshot v1, https://goo.gl/fbAQLP

exports[`--env preprod : should generate dev manifest 1`] = `
"---
metadata:
  annotations:
    field.cattle.io/creatorId: gitlab
    field.cattle.io/projectId: 'c-bd7z2:p-7ms8p'
    git/branch: e2e-branch
    git/remote: 'git@github.com:SocialGouv/sample-kosko.git'
    app.gitlab.com/app: socialgouv-sample-kosko
    app.gitlab.com/env: preprod-dev2
    app.gitlab.com/env.name: preprod-dev2
  labels:
    kubed.appscode.com/sync: sample-kosko
    application: v1-2-3-sample-kosko
    owner: sample-kosko
    team: sample-kosko
    cert: wildcard
  name: sample-next-app-24-preprod-dev2
apiVersion: v1
kind: Namespace
---
metadata:
  annotations:
    app.gitlab.com/app: socialgouv-sample-kosko
    app.gitlab.com/env: preprod-dev2
    app.gitlab.com/env.name: preprod-dev2
  labels:
    app: redis
    application: v1-2-3-sample-kosko
    owner: sample-kosko
    team: sample-kosko
    cert: wildcard
    component: redis
  name: redis
  namespace: sample-next-app-24-preprod-dev2
spec:
  replicas: 1
  selector:
    matchLabels:
      app: redis
  template:
    metadata:
      annotations:
        app.gitlab.com/app: socialgouv-sample-kosko
        app.gitlab.com/env: preprod-dev2
        app.gitlab.com/env.name: preprod-dev2
      labels:
        app: redis
        application: v1-2-3-sample-kosko
        owner: sample-kosko
        team: sample-kosko
        cert: wildcard
        component: redis
    spec:
      containers:
        - image: 'redis:6.0.5-alpine3.12'
          livenessProbe:
            failureThreshold: 6
            initialDelaySeconds: 30
            periodSeconds: 5
            timeoutSeconds: 5
            exec:
              command:
                - sh
                - '-c'
                - redis-cli ping
          name: redis
          ports:
            - containerPort: 6379
              name: http
          readinessProbe:
            failureThreshold: 15
            initialDelaySeconds: 0
            periodSeconds: 5
            successThreshold: 1
            timeoutSeconds: 1
            exec:
              command:
                - sh
                - '-c'
                - redis-cli ping
          resources:
            limits:
              cpu: 500m
              memory: 128Mi
            requests:
              cpu: 5m
              memory: 16Mi
          startupProbe:
            failureThreshold: 12
            periodSeconds: 5
            exec:
              command:
                - sh
                - '-c'
                - redis-cli ping
apiVersion: apps/v1
kind: Deployment
---
metadata:
  labels:
    app: redis
    application: v1-2-3-sample-kosko
    owner: sample-kosko
    team: sample-kosko
    cert: wildcard
  name: redis
  annotations:
    app.gitlab.com/app: socialgouv-sample-kosko
    app.gitlab.com/env: preprod-dev2
    app.gitlab.com/env.name: preprod-dev2
  namespace: sample-next-app-24-preprod-dev2
spec:
  ports:
    - name: http
      port: 80
      targetPort: 6379
  selector:
    app: redis
  type: ClusterIP
apiVersion: v1
kind: Service"
`;
