// Jest Snapshot v1, https://goo.gl/fbAQLP

exports[`--env prod : should generate prod manifest 1`] = `
"---
apiVersion: apps/v1
kind: Deployment
metadata:
  annotations:
    kapp.k14s.io/disable-default-ownership-label-rules: ''
    kapp.k14s.io/disable-default-label-scoping-rules: ''
    kapp.k14s.io/delete-strategy: orphan
    app.github.com/job: xxxxxxx-job
    app.github.com/ref: refs/heads/e2e-branch
    app.github.com/repo: socialgouv/sample-next-app
    app.github.com/run: '12345'
    app.github.com/sha: '8843083'
  labels:
    app: www
    application: sample-next-app
    component: nginx
    owner: sample-next-app
    team: sample-next-app
  name: www
  namespace: sample-next-app
spec:
  replicas: 1
  selector:
    matchLabels:
      app: www
  template:
    metadata:
      annotations:
        kapp.k14s.io/disable-default-ownership-label-rules: ''
        kapp.k14s.io/disable-default-label-scoping-rules: ''
        kapp.k14s.io/delete-strategy: orphan
        app.github.com/job: xxxxxxx-job
        app.github.com/ref: refs/heads/e2e-branch
        app.github.com/repo: socialgouv/sample-next-app
        app.github.com/run: '12345'
        app.github.com/sha: '8843083'
      labels:
        app: www
        application: sample-next-app
        component: nginx
        owner: sample-next-app
        team: sample-next-app
    spec:
      containers:
        - image: nginx:latest
          livenessProbe:
            failureThreshold: 6
            httpGet:
              path: /index.html
              port: http
            initialDelaySeconds: 30
            periodSeconds: 5
            timeoutSeconds: 5
          name: www
          ports:
            - containerPort: 80
              name: http
          readinessProbe:
            failureThreshold: 15
            httpGet:
              path: /index.html
              port: http
            initialDelaySeconds: 0
            periodSeconds: 5
            successThreshold: 1
            timeoutSeconds: 1
          resources:
            limits:
              cpu: 500m
              memory: 128Mi
            requests:
              cpu: 5m
              memory: 32Mi
          startupProbe:
            failureThreshold: 12
            httpGet:
              path: /index.html
              port: http
            periodSeconds: 5
---
apiVersion: v1
kind: Service
metadata:
  labels:
    app: www
    application: sample-next-app
    component: nginx
    owner: sample-next-app
    team: sample-next-app
  name: www
  annotations:
    kapp.k14s.io/disable-default-ownership-label-rules: ''
    kapp.k14s.io/disable-default-label-scoping-rules: ''
    kapp.k14s.io/delete-strategy: orphan
    app.github.com/job: xxxxxxx-job
    app.github.com/ref: refs/heads/e2e-branch
    app.github.com/repo: socialgouv/sample-next-app
    app.github.com/run: '12345'
    app.github.com/sha: '8843083'
  namespace: sample-next-app
spec:
  ports:
    - name: http
      port: 80
      targetPort: 80
  selector:
    app: www
  type: ClusterIP
---
apiVersion: networking.k8s.io/v1
kind: Ingress
metadata:
  annotations:
    kubernetes.io/ingress.class: nginx
    cert-manager.io/cluster-issuer: letsencrypt-prod
    kubernetes.io/tls-acme: 'true'
    kapp.k14s.io/disable-default-ownership-label-rules: ''
    kapp.k14s.io/disable-default-label-scoping-rules: ''
    kapp.k14s.io/delete-strategy: orphan
    app.github.com/job: xxxxxxx-job
    app.github.com/ref: refs/heads/e2e-branch
    app.github.com/repo: socialgouv/sample-next-app
    app.github.com/run: '12345'
    app.github.com/sha: '8843083'
  labels:
    app: www
    application: sample-next-app
    component: nginx
    owner: sample-next-app
    team: sample-next-app
  name: www
  namespace: sample-next-app
spec:
  rules:
    - host: sample-next-app.dev2.fabrique.social.gouv.fr
      http:
        paths:
          - backend:
              service:
                name: www
                port:
                  name: http
            path: /
            pathType: Prefix
  tls:
    - hosts:
        - sample-next-app.dev2.fabrique.social.gouv.fr
      secretName: www-crt"
`;
