// Jest Snapshot v1, https://goo.gl/fbAQLP

exports[`--env dev : should generate dev manifest 1`] = `
"---
metadata:
  annotations:
    field.cattle.io/creatorId: gitlab
    field.cattle.io/projectId: ''
    git/branch: e2e-branch
    git/remote: 'git@github.com:SocialGouv/sample-kosko.git'
    app.gitlab.com/app: socialgouv-sample-kosko
    app.gitlab.com/env: e2e-branch-42
    app.gitlab.com/env.name: e2e-branch-dev2
  labels:
    application: e2e-branch-42-sample-kosko
    owner: sample-kosko
    team: sample-kosko
    cert: wildcard
  name: sample-kosko-24-e2e-branch-42
apiVersion: v1
kind: Namespace
---
metadata:
  annotations:
    app.gitlab.com/app: socialgouv-sample-kosko
    app.gitlab.com/env: e2e-branch-42
    app.gitlab.com/env.name: e2e-branch-dev2
  labels:
    app: www
    application: e2e-branch-42-sample-kosko
    owner: sample-kosko
    team: sample-kosko
    cert: wildcard
  name: www
  namespace: sample-kosko-24-e2e-branch-42
spec:
  replicas: 1
  selector:
    matchLabels:
      app: www
  template:
    metadata:
      annotations:
        app.gitlab.com/app: socialgouv-sample-kosko
        app.gitlab.com/env: e2e-branch-42
        app.gitlab.com/env.name: e2e-branch-dev2
      labels:
        app: www
        application: e2e-branch-42-sample-kosko
        owner: sample-kosko
        team: sample-kosko
        cert: wildcard
    spec:
      containers:
        - image: 'nginx:latest'
          livenessProbe:
            failureThreshold: 6
            httpGet:
              path: /index.html
              port: http
            initialDelaySeconds: 30
            periodSeconds: 5
            timeoutSeconds: 5
          name: www
          ports:
            - containerPort: 80
              name: http
          readinessProbe:
            failureThreshold: 15
            httpGet:
              path: /index.html
              port: http
            initialDelaySeconds: 0
            periodSeconds: 5
            successThreshold: 1
            timeoutSeconds: 1
          resources:
            limits:
              cpu: 500m
              memory: 128Mi
            requests:
              cpu: 5m
              memory: 32Mi
          startupProbe:
            failureThreshold: 12
            httpGet:
              path: /index.html
              port: http
            periodSeconds: 5
apiVersion: apps/v1
kind: Deployment
---
metadata:
  labels:
    app: www
    application: e2e-branch-42-sample-kosko
    owner: sample-kosko
    team: sample-kosko
    cert: wildcard
  name: www
  annotations:
    app.gitlab.com/app: socialgouv-sample-kosko
    app.gitlab.com/env: e2e-branch-42
    app.gitlab.com/env.name: e2e-branch-dev2
  namespace: sample-kosko-24-e2e-branch-42
spec:
  ports:
    - port: 80
      targetPort: 80
  selector:
    app: www
  type: ClusterIP
apiVersion: v1
kind: Service
---
metadata:
  annotations:
    kubernetes.io/ingress.class: nginx
    app.gitlab.com/app: socialgouv-sample-kosko
    app.gitlab.com/env: e2e-branch-42
    app.gitlab.com/env.name: e2e-branch-dev2
  labels:
    app: www
    application: e2e-branch-42-sample-kosko
    owner: sample-kosko
    team: sample-kosko
    cert: wildcard
  name: www
  namespace: sample-kosko-24-e2e-branch-42
spec:
  rules:
    - host: e2e-branch-42-sample-kosko.dev2.fabrique.social.gouv.fr
      http:
        paths:
          - backend:
              serviceName: www
              servicePort: 80
            path: /
  tls:
    - hosts:
        - e2e-branch-42-sample-kosko.dev2.fabrique.social.gouv.fr
      secretName: wildcard-crt
apiVersion: extensions/v1beta1
kind: Ingress"
`;
