// Jest Snapshot v1, https://goo.gl/fbAQLP

exports[`--env prod : should generate prod manifest 1`] = `
"---
metadata:
  annotations:
    app.gitlab.com/app: socialgouv-sample-kosko
    app.gitlab.com/env: prod2
    app.gitlab.com/env.name: prod2
  labels:
    app: www
    application: sample-kosko
    owner: sample-kosko
    team: sample-kosko
    component: nginx
  name: www
  namespace: sample-kosko
spec:
  replicas: 1
  selector:
    matchLabels:
      app: www
  template:
    metadata:
      annotations:
        app.gitlab.com/app: socialgouv-sample-kosko
        app.gitlab.com/env: prod2
        app.gitlab.com/env.name: prod2
      labels:
        app: www
        application: sample-kosko
        owner: sample-kosko
        team: sample-kosko
        component: nginx
    spec:
      imagePullSecrets:
        - name: some-secret
      containers:
        - image: >-
            registry.gitlab.factory.social.gouv.fr/socialgouv/sample-kosko/www:1.2.3
          livenessProbe:
            failureThreshold: 6
            httpGet:
              path: /healthz
              port: http
            initialDelaySeconds: 30
            periodSeconds: 5
            timeoutSeconds: 5
          name: www
          ports:
            - containerPort: 8080
              name: http
          readinessProbe:
            failureThreshold: 15
            httpGet:
              path: /healthz
              port: http
            initialDelaySeconds: 0
            periodSeconds: 5
            successThreshold: 1
            timeoutSeconds: 1
          resources:
            limits:
              cpu: 50m
              memory: 128Mi
            requests:
              cpu: 1m
              memory: 64Mi
          startupProbe:
            failureThreshold: 12
            httpGet:
              path: /healthz
              port: http
            periodSeconds: 5
          envFrom:
            - secretRef:
                name: azure-pg-user
      initContainers:
        - name: wait-for-postgres
          image: >-
            registry.gitlab.factory.social.gouv.fr/socialgouv/docker/wait-for-postgres:2.0.0
          imagePullPolicy: Always
          resources:
            requests:
              cpu: 5m
              memory: 16Mi
            limits:
              cpu: 20m
              memory: 32Mi
          envFrom:
            - secretRef:
                name: azure-pg-user
          env:
            - name: WAIT_FOR_RETRIES
              value: '24'
apiVersion: apps/v1
kind: Deployment
---
metadata:
  annotations:
    kubernetes.io/ingress.class: nginx
    nginx.ingress.kubernetes.io/permanent-redirect: 'https://www.website.fr$request_uri'
    certmanager.k8s.io/cluster-issuer: letsencrypt-prod
    kubernetes.io/tls-acme: 'true'
  labels:
    app: www-redirects
  name: www-redirects
spec:
  rules:
    - host: website.fr
    - host: old-website.com
  tls:
    - hosts:
        - website.fr
        - old-website.com
      secretName: www-redirects
apiVersion: extensions/v1beta1
kind: Ingress
---
metadata:
  labels:
    app: www
    application: sample-kosko
    owner: sample-kosko
    team: sample-kosko
  name: www
  annotations:
    app.gitlab.com/app: socialgouv-sample-kosko
    app.gitlab.com/env: prod2
    app.gitlab.com/env.name: prod2
  namespace: sample-kosko
spec:
  ports:
    - port: 80
      targetPort: 8080
  selector:
    app: www
  type: ClusterIP
apiVersion: v1
kind: Service
---
metadata:
  annotations:
    kubernetes.io/ingress.class: nginx
    certmanager.k8s.io/cluster-issuer: letsencrypt-prod
    kubernetes.io/tls-acme: 'true'
    app.gitlab.com/app: socialgouv-sample-kosko
    app.gitlab.com/env: prod2
    app.gitlab.com/env.name: prod2
  labels:
    app: www
    application: sample-kosko
    owner: sample-kosko
    team: sample-kosko
  name: www
  namespace: sample-kosko
spec:
  rules:
    - host: sample-kosko.fabrique.social.gouv.fr
      http:
        paths:
          - backend:
              serviceName: www
              servicePort: 80
            path: /
  tls:
    - hosts:
        - sample-kosko.fabrique.social.gouv.fr
      secretName: www-crt
apiVersion: extensions/v1beta1
kind: Ingress"
`;
