// Jest Snapshot v1, https://goo.gl/fbAQLP

exports[`--env dev : should generate dev manifest 1`] = `
"---
apiVersion: v1
kind: Namespace
metadata:
  annotations:
    socialgouv/creator: autodevops
    janitor/ttl: 15d
    field.cattle.io/creatorId: gitlab
    field.cattle.io/projectId: c-bd7z2:p-7ms8p
    git/branch: e2e-branch
    git/remote: git@github.com:SocialGouv/sample-next-app.git
    app.gitlab.com/app: socialgouv-sample-next-app
    app.gitlab.com/env: e2e-branch-42
    app.gitlab.com/env.name: e2e-branch-dev2
  labels:
    azure-pg-admin-user: sample-next-app
    application: e2e-branch-42-sample-next-app
    component: e2e-branch-42-sample-next-app
    owner: sample-next-app
    team: sample-next-app
    cert: wildcard
  name: sample-next-app-24-e2e-branch-42
---
apiVersion: apps/v1
kind: Deployment
metadata:
  annotations:
    kapp.k14s.io/disable-default-ownership-label-rules: ''
    kapp.k14s.io/disable-default-label-scoping-rules: ''
    app.gitlab.com/app: socialgouv-sample-next-app
    app.gitlab.com/env: e2e-branch-42
    app.gitlab.com/env.name: e2e-branch-dev2
  labels:
    app: pgweb
    application: e2e-branch-42-sample-next-app
    component: pgweb
    owner: sample-next-app
    team: sample-next-app
    cert: wildcard
  name: pgweb
  namespace: sample-next-app-24-e2e-branch-42
spec:
  replicas: 1
  selector:
    matchLabels:
      app: pgweb
  template:
    metadata:
      annotations:
        kapp.k14s.io/disable-default-ownership-label-rules: ''
        kapp.k14s.io/disable-default-label-scoping-rules: ''
        app.gitlab.com/app: socialgouv-sample-next-app
        app.gitlab.com/env: e2e-branch-42
        app.gitlab.com/env.name: e2e-branch-dev2
      labels:
        app: pgweb
        application: e2e-branch-42-sample-next-app
        component: pgweb
        owner: sample-next-app
        team: sample-next-app
        cert: wildcard
    spec:
      containers:
        - image: sosedoff/pgweb:0.11.8
          livenessProbe:
            failureThreshold: 6
            httpGet:
              path: /
              port: http
            initialDelaySeconds: 30
            periodSeconds: 5
            timeoutSeconds: 5
          name: pgweb
          ports:
            - containerPort: 8081
              name: http
          readinessProbe:
            failureThreshold: 15
            httpGet:
              path: /
              port: http
            initialDelaySeconds: 0
            periodSeconds: 5
            successThreshold: 1
            timeoutSeconds: 1
          resources:
            limits:
              cpu: 500m
              memory: 256Mi
            requests:
              cpu: 100m
              memory: 64Mi
          startupProbe:
            failureThreshold: 12
            httpGet:
              path: /
              port: http
            periodSeconds: 5
          envFrom:
            - secretRef:
                name: azure-pg-user-e2e-branch
      initContainers:
        - env:
            - name: WAIT_FOR_RETRIES
              value: '24'
          envFrom:
            - secretRef:
                name: azure-pg-user-e2e-branch
          image: ghcr.io/socialgouv/docker/wait-for-postgres:6.43.1
          imagePullPolicy: Always
          name: wait-for-postgres
          resources:
            limits:
              cpu: 20m
              memory: 32Mi
            requests:
              cpu: 5m
              memory: 16Mi
---
apiVersion: v1
kind: Service
metadata:
  labels:
    app: pgweb
    application: e2e-branch-42-sample-next-app
    component: pgweb
    owner: sample-next-app
    team: sample-next-app
    cert: wildcard
  name: pgweb
  annotations:
    kapp.k14s.io/disable-default-ownership-label-rules: ''
    kapp.k14s.io/disable-default-label-scoping-rules: ''
    app.gitlab.com/app: socialgouv-sample-next-app
    app.gitlab.com/env: e2e-branch-42
    app.gitlab.com/env.name: e2e-branch-dev2
  namespace: sample-next-app-24-e2e-branch-42
spec:
  ports:
    - name: http
      port: 80
      targetPort: 8081
  selector:
    app: pgweb
  type: ClusterIP
---
apiVersion: networking.k8s.io/v1
kind: Ingress
metadata:
  annotations:
    kubernetes.io/ingress.class: nginx
    kapp.k14s.io/disable-default-ownership-label-rules: ''
    kapp.k14s.io/disable-default-label-scoping-rules: ''
    app.gitlab.com/app: socialgouv-sample-next-app
    app.gitlab.com/env: e2e-branch-42
    app.gitlab.com/env.name: e2e-branch-dev2
  labels:
    app: pgweb
    application: e2e-branch-42-sample-next-app
    component: pgweb
    owner: sample-next-app
    team: sample-next-app
    cert: wildcard
  name: pgweb
  namespace: sample-next-app-24-e2e-branch-42
spec:
  rules:
    - host: pgweb-e2e-branch-42-sample-next-app.dev2.fabrique.social.gouv.fr
      http:
        paths:
          - backend:
              service:
                name: pgweb
                port:
                  name: http
            path: /
            pathType: Prefix
  tls:
    - hosts:
        - pgweb-e2e-branch-42-sample-next-app.dev2.fabrique.social.gouv.fr
      secretName: wildcard-crt
---
apiVersion: batch/v1
kind: Job
spec:
  backoffLimit: 5
  template:
    spec:
      containers:
        - command:
            - create-db-user
          env:
            - name: NEW_DB_NAME
              value: autodevops_e2e-branch
            - name: NEW_USER
              value: user_e2e-branch
            - name: NEW_PASSWORD
              value: password_e2e-branch
            - name: NEW_DB_EXTENSIONS
              value: hstore pgcrypto citext uuid-ossp
          envFrom:
            - secretRef:
                name: azure-pg-admin-user
          image: ghcr.io/socialgouv/docker/azure-db:6.43.1
          imagePullPolicy: IfNotPresent
          name: create-db-user
          resources:
            limits:
              cpu: 300m
              memory: 256Mi
            requests:
              cpu: 100m
              memory: 64Mi
      restartPolicy: Never
    metadata:
      annotations:
        app.gitlab.com/app: socialgouv-sample-next-app
        app.gitlab.com/env: e2e-branch-42
        app.gitlab.com/env.name: e2e-branch-dev2
      labels:
        application: e2e-branch-42-sample-next-app
        component: e2e-branch-42-sample-next-app
        owner: sample-next-app
        team: sample-next-app
        cert: wildcard
  ttlSecondsAfterFinished: 86400
metadata:
  annotations:
    app.gitlab.com/app: socialgouv-sample-next-app
    app.gitlab.com/env: e2e-branch-42
    app.gitlab.com/env.name: e2e-branch-dev2
  labels:
    application: e2e-branch-42-sample-next-app
    component: e2e-branch-42-sample-next-app
    owner: sample-next-app
    team: sample-next-app
    cert: wildcard
  name: create-db-job-e2e-branch
  namespace: sample-next-app-24-e2e-branch-42
---
apiVersion: v1
kind: Secret
stringData:
  DATABASE_URL: >-
    postgresql://user_e2e-branch%40samplenextappdevserver.postgres.database.azure.com:password_e2e-branch@samplenextappdevserver.postgres.database.azure.com/autodevops_e2e-branch?sslmode=require
  DB_URI: >-
    postgresql://user_e2e-branch%40samplenextappdevserver.postgres.database.azure.com:password_e2e-branch@samplenextappdevserver.postgres.database.azure.com/autodevops_e2e-branch?sslmode=require
  HASURA_GRAPHQL_DATABASE_URL: >-
    postgresql://user_e2e-branch%40samplenextappdevserver.postgres.database.azure.com:password_e2e-branch@samplenextappdevserver.postgres.database.azure.com/autodevops_e2e-branch?sslmode=require
  PGDATABASE: autodevops_e2e-branch
  PGHOST: samplenextappdevserver.postgres.database.azure.com
  PGPASSWORD: password_e2e-branch
  PGRST_DB_URI: >-
    postgresql://user_e2e-branch%40samplenextappdevserver.postgres.database.azure.com:password_e2e-branch@samplenextappdevserver.postgres.database.azure.com/autodevops_e2e-branch?sslmode=require
  PGSSLMODE: require
  PGUSER: user_e2e-branch@samplenextappdevserver.postgres.database.azure.com
metadata:
  annotations:
    app.gitlab.com/app: socialgouv-sample-next-app
    app.gitlab.com/env: e2e-branch-42
    app.gitlab.com/env.name: e2e-branch-dev2
  labels:
    application: e2e-branch-42-sample-next-app
    component: e2e-branch-42-sample-next-app
    owner: sample-next-app
    team: sample-next-app
    cert: wildcard
  name: azure-pg-user-e2e-branch
  namespace: sample-next-app-24-e2e-branch-42"
`;
