// Jest Snapshot v1, https://goo.gl/fbAQLP

exports[`subdomain: kosko generate --prod 1`] = `
"---
apiVersion: apps/v1
kind: Deployment
metadata:
  annotations:
    kapp.k14s.io/disable-default-ownership-label-rules: ''
    kapp.k14s.io/disable-default-label-scoping-rules: ''
    kapp.k14s.io/delete-strategy: orphan
    app.gitlab.com/app: socialgouv-sample-kosko
    app.gitlab.com/env: e2e-branch-42
    app.gitlab.com/env.name: e2e-branch-dev2
  labels:
    app: myapp
    application: e2e-branch-42-sample-kosko
    component: nginx
    owner: sample-kosko
    team: sample-kosko
    cert: wildcard
  name: myapp
  namespace: sample-kosko-24-e2e-branch-42
spec:
  replicas: 1
  selector:
    matchLabels:
      app: myapp
  template:
    metadata:
      annotations:
        kapp.k14s.io/disable-default-ownership-label-rules: ''
        kapp.k14s.io/disable-default-label-scoping-rules: ''
        kapp.k14s.io/delete-strategy: orphan
        app.gitlab.com/app: socialgouv-sample-kosko
        app.gitlab.com/env: e2e-branch-42
        app.gitlab.com/env.name: e2e-branch-dev2
      labels:
        app: myapp
        application: e2e-branch-42-sample-kosko
        component: nginx
        owner: sample-kosko
        team: sample-kosko
        cert: wildcard
    spec:
      containers:
        - image: >-
            harbor.fabrique.social.gouv.fr/undefined/myapp:8843083edb7f873cad1d1420731a60773594ffae
          livenessProbe:
            failureThreshold: 6
            httpGet:
              path: /index.html
              port: http
            initialDelaySeconds: 30
            periodSeconds: 5
            timeoutSeconds: 5
          name: myapp
          ports:
            - containerPort: 80
              name: http
          readinessProbe:
            failureThreshold: 15
            httpGet:
              path: /index.html
              port: http
            initialDelaySeconds: 0
            periodSeconds: 5
            successThreshold: 1
            timeoutSeconds: 1
          resources:
            limits:
              cpu: 500m
              memory: 128Mi
            requests:
              cpu: 5m
              memory: 32Mi
          startupProbe:
            failureThreshold: 12
            httpGet:
              path: /index.html
              port: http
            periodSeconds: 5
---
apiVersion: v1
kind: Service
metadata:
  labels:
    app: myapp
    application: e2e-branch-42-sample-kosko
    component: nginx
    owner: sample-kosko
    team: sample-kosko
    cert: wildcard
  name: myapp
  annotations:
    kapp.k14s.io/disable-default-ownership-label-rules: ''
    kapp.k14s.io/disable-default-label-scoping-rules: ''
    kapp.k14s.io/delete-strategy: orphan
    app.gitlab.com/app: socialgouv-sample-kosko
    app.gitlab.com/env: e2e-branch-42
    app.gitlab.com/env.name: e2e-branch-dev2
  namespace: sample-kosko-24-e2e-branch-42
spec:
  ports:
    - name: http
      port: 80
      targetPort: 80
  selector:
    app: myapp
  type: ClusterIP
---
apiVersion: networking.k8s.io/v1
kind: Ingress
metadata:
  annotations:
    kubernetes.io/ingress.class: nginx
    kapp.k14s.io/disable-default-ownership-label-rules: ''
    kapp.k14s.io/disable-default-label-scoping-rules: ''
    kapp.k14s.io/delete-strategy: orphan
    app.gitlab.com/app: socialgouv-sample-kosko
    app.gitlab.com/env: e2e-branch-42
    app.gitlab.com/env.name: e2e-branch-dev2
  labels:
    app: myapp
    application: e2e-branch-42-sample-kosko
    component: nginx
    owner: sample-kosko
    team: sample-kosko
    cert: wildcard
  name: myapp
  namespace: sample-kosko-24-e2e-branch-42
spec:
  rules:
    - host: mysubdomain.dev2.fabrique.social.gouv.fr
      http:
        paths:
          - backend:
              service:
                name: myapp
                port:
                  name: http
            path: /
            pathType: Prefix
  tls:
    - hosts:
        - mysubdomain.dev2.fabrique.social.gouv.fr
      secretName: wildcard-crt"
`;
